// Jest Snapshot v1, https://goo.gl/fbAQLP

exports[`renders correctly 1`] = `
<div
  className="MuiBox-root css-acvaxx"
>
  <h5
    className="MuiTypography-root MuiTypography-h5 css-zmqfxo-MuiTypography-root"
  >
    Select a difficulty to start matching with other users
  </h5>
  <main
    className="MuiContainer-root MuiContainer-maxWidthMd css-xdmu94-MuiContainer-root"
  >
    <div
      className="MuiGrid-root MuiGrid-container MuiGrid-spacing-xs-5 css-1ld3b9g-MuiGrid-root"
    >
      <div
        className="MuiGrid-root MuiGrid-item MuiGrid-grid-xs-12 MuiGrid-grid-sm-6 MuiGrid-grid-md-4 css-11l5t4l-MuiGrid-root"
      >
        <div
          className="MuiPaper-root MuiPaper-elevation MuiPaper-rounded MuiPaper-elevation1 MuiCard-root css-cfdeft-MuiPaper-root-MuiCard-root"
          onMouseOut={[Function]}
          onMouseOver={[Function]}
        >
          <button
            className="MuiButtonBase-root MuiCardActionArea-root css-b6lsxj-MuiButtonBase-root-MuiCardActionArea-root"
            disabled={false}
            onBlur={[Function]}
            onClick={[Function]}
            onContextMenu={[Function]}
            onDragLeave={[Function]}
            onFocus={[Function]}
            onKeyDown={[Function]}
            onKeyUp={[Function]}
            onMouseDown={[Function]}
            onMouseLeave={[Function]}
            onMouseUp={[Function]}
            onTouchEnd={[Function]}
            onTouchMove={[Function]}
            onTouchStart={[Function]}
            tabIndex={0}
            type="button"
          >
            <div
              className="MuiCardContent-root css-46bh2p-MuiCardContent-root"
            >
              <div
                className="MuiBox-root css-1aegnta"
              >
                <span
                  className="MuiTypography-root MuiTypography-h5 MuiTypography-gutterBottom css-h93ljk-MuiTypography-root"
                >
                  Easy
                </span>
              </div>
            </div>
            <span
              className="MuiCardActionArea-focusHighlight css-1v2exvi-MuiCardActionArea-focusHighlight"
            />
          </button>
        </div>
      </div>
      <div
        className="MuiGrid-root MuiGrid-item MuiGrid-grid-xs-12 MuiGrid-grid-sm-6 MuiGrid-grid-md-4 css-11l5t4l-MuiGrid-root"
      >
        <div
          className="MuiPaper-root MuiPaper-elevation MuiPaper-rounded MuiPaper-elevation1 MuiCard-root css-cfdeft-MuiPaper-root-MuiCard-root"
          onMouseOut={[Function]}
          onMouseOver={[Function]}
        >
          <button
            className="MuiButtonBase-root MuiCardActionArea-root css-b6lsxj-MuiButtonBase-root-MuiCardActionArea-root"
            disabled={false}
            onBlur={[Function]}
            onClick={[Function]}
            onContextMenu={[Function]}
            onDragLeave={[Function]}
            onFocus={[Function]}
            onKeyDown={[Function]}
            onKeyUp={[Function]}
            onMouseDown={[Function]}
            onMouseLeave={[Function]}
            onMouseUp={[Function]}
            onTouchEnd={[Function]}
            onTouchMove={[Function]}
            onTouchStart={[Function]}
            tabIndex={0}
            type="button"
          >
            <div
              className="MuiCardContent-root css-46bh2p-MuiCardContent-root"
            >
              <div
                className="MuiBox-root css-1aegnta"
              >
                <span
                  className="MuiTypography-root MuiTypography-h5 MuiTypography-gutterBottom css-h93ljk-MuiTypography-root"
                >
                  Medium
                </span>
              </div>
            </div>
            <span
              className="MuiCardActionArea-focusHighlight css-1v2exvi-MuiCardActionArea-focusHighlight"
            />
          </button>
        </div>
      </div>
      <div
        className="MuiGrid-root MuiGrid-item MuiGrid-grid-xs-12 MuiGrid-grid-sm-6 MuiGrid-grid-md-4 css-11l5t4l-MuiGrid-root"
      >
        <div
          className="MuiPaper-root MuiPaper-elevation MuiPaper-rounded MuiPaper-elevation1 MuiCard-root css-cfdeft-MuiPaper-root-MuiCard-root"
          onMouseOut={[Function]}
          onMouseOver={[Function]}
        >
          <button
            className="MuiButtonBase-root MuiCardActionArea-root css-b6lsxj-MuiButtonBase-root-MuiCardActionArea-root"
            disabled={false}
            onBlur={[Function]}
            onClick={[Function]}
            onContextMenu={[Function]}
            onDragLeave={[Function]}
            onFocus={[Function]}
            onKeyDown={[Function]}
            onKeyUp={[Function]}
            onMouseDown={[Function]}
            onMouseLeave={[Function]}
            onMouseUp={[Function]}
            onTouchEnd={[Function]}
            onTouchMove={[Function]}
            onTouchStart={[Function]}
            tabIndex={0}
            type="button"
          >
            <div
              className="MuiCardContent-root css-46bh2p-MuiCardContent-root"
            >
              <div
                className="MuiBox-root css-1aegnta"
              >
                <span
                  className="MuiTypography-root MuiTypography-h5 MuiTypography-gutterBottom css-h93ljk-MuiTypography-root"
                >
                  Hard
                </span>
              </div>
            </div>
            <span
              className="MuiCardActionArea-focusHighlight css-1v2exvi-MuiCardActionArea-focusHighlight"
            />
          </button>
        </div>
      </div>
    </div>
  </main>
</div>
`;
